// Jest Snapshot v1, https://jestjs.io/docs/snapshot-testing

exports[`components/actions_menu/ActionsMenu has actions - should show actions 1`] = `
<div>
  <div
    class="MenuWrapper  MenuWrapper--open"
  >
    <button
      aria-controls="center_actions_dropdown_post_id_1"
      aria-expanded="true"
      aria-haspopup="true"
      aria-label="actions"
      class="post-menu__item post-menu__item--active"
      id="center_actions_button_post_id_1"
      type="button"
    >
      <i
        class="icon icon-apps"
      />
    </button>
    <div
      aria-label="Post extra options"
      class="a11y__popup Menu"
    >
      <ul
        class="Menu__content dropdown-menu openLeft"
        id="center_actions_dropdown_post_id_1"
        role="menu"
      >
        <li
          class="MenuItem"
          role="menuitem"
        >
          <button
            class="style--none"
            data-testid="undefined-button"
            id="undefined-button"
          >
            <span
              class="MenuItem__primary-text"
            >
              Some text
            </span>
          </button>
        </li>
      </ul>
    </div>
  </div>
</div>
`;

exports[`components/actions_menu/ActionsMenu no actions - end user - menu should not be visible to end user 1`] = `<div />`;

exports[`components/actions_menu/ActionsMenu no actions - menu should not be visible 1`] = `<div />`;
